// Jest Snapshot v1, https://goo.gl/fbAQLP

exports[`Search can bias individual sites 1`] = `
Array [
  Array [
    Array [
      Object {
        "indexName": "sentry-docs",
        "params": Object {
          "highlightPostTag": "</mark>",
          "highlightPreTag": "<mark>",
          "optionalFilters": Array [
            Array [
              "platforms:sentry.javascript.react",
            ],
            "legacy:0",
          ],
          "snippetEllipsisText": "…",
        },
        "query": "react",
      },
      Object {
        "indexName": "develop-docs",
        "params": Object {
          "highlightPostTag": "</mark>",
          "highlightPreTag": "<mark>",
          "optionalFilters": Array [
            Array [
              "platforms:sentry.javascript.react",
            ],
            "legacy:0",
          ],
          "snippetEllipsisText": "…",
        },
        "query": "react",
      },
      Object {
        "indexName": "sentry-blog-posts",
        "params": Object {
          "highlightPostTag": "</mark>",
          "highlightPreTag": "<mark>",
          "optionalFilters": Array [
            Array [
              "platforms:sentry.javascript.react",
            ],
            "legacy:0",
          ],
          "snippetEllipsisText": "…",
        },
        "query": "react",
      },
      Object {
        "indexName": "sentry-help",
        "params": Object {
          "highlightPostTag": "</mark>",
          "highlightPreTag": "<mark>",
          "optionalFilters": Array [
            "pathSegments:/foo/bar/",
          ],
          "snippetEllipsisText": "…",
        },
        "query": "react",
      },
    ],
  ],
]
`;

exports[`Search does not query platforms when none are provided 1`] = `
Array [
  Array [
    Array [
      Object {
        "indexName": "sentry-docs",
        "params": Object {
          "highlightPostTag": "</mark>",
          "highlightPreTag": "<mark>",
          "optionalFilters": Array [
            "legacy:0",
          ],
          "snippetEllipsisText": "…",
        },
        "query": "react",
      },
      Object {
        "indexName": "develop-docs",
        "params": Object {
          "highlightPostTag": "</mark>",
          "highlightPreTag": "<mark>",
          "optionalFilters": Array [
            "legacy:0",
          ],
          "snippetEllipsisText": "…",
        },
        "query": "react",
      },
      Object {
        "indexName": "sentry-blog-posts",
        "params": Object {
          "highlightPostTag": "</mark>",
          "highlightPreTag": "<mark>",
          "optionalFilters": Array [
            "legacy:0",
          ],
          "snippetEllipsisText": "…",
        },
        "query": "react",
      },
      Object {
        "indexName": "sentry-help",
        "params": Object {
          "highlightPostTag": "</mark>",
          "highlightPreTag": "<mark>",
          "optionalFilters": Array [
            "legacy:0",
          ],
          "snippetEllipsisText": "…",
        },
        "query": "react",
      },
    ],
  ],
]
`;

exports[`Search prioritizes path over platform 1`] = `
Array [
  Array [
    Array [
      Object {
        "indexName": "sentry-docs",
        "params": Object {
          "highlightPostTag": "</mark>",
          "highlightPreTag": "<mark>",
          "optionalFilters": Array [
            Array [
              "platforms:sentry.javascript.react",
            ],
            "legacy:0",
          ],
          "snippetEllipsisText": "…",
        },
        "query": "react",
      },
      Object {
        "indexName": "develop-docs",
        "params": Object {
          "highlightPostTag": "</mark>",
          "highlightPreTag": "<mark>",
          "optionalFilters": Array [
            Array [
              "platforms:sentry.javascript.react",
            ],
            "legacy:0",
          ],
          "snippetEllipsisText": "…",
        },
        "query": "react",
      },
      Object {
        "indexName": "sentry-blog-posts",
        "params": Object {
          "highlightPostTag": "</mark>",
          "highlightPreTag": "<mark>",
          "optionalFilters": Array [
            Array [
              "platforms:sentry.javascript.react",
            ],
            "legacy:0",
          ],
          "snippetEllipsisText": "…",
        },
        "query": "react",
      },
      Object {
        "indexName": "sentry-help",
        "params": Object {
          "highlightPostTag": "</mark>",
          "highlightPreTag": "<mark>",
          "optionalFilters": Array [
            Array [
              "platforms:sentry.javascript.react",
            ],
            "legacy:0",
          ],
          "snippetEllipsisText": "…",
        },
        "query": "react",
      },
    ],
  ],
]
`;

exports[`Search queries 1`] = `
Array [
  Object {
    "hits": Array [
      Object {
        "context": Object {
          "context1": "Platforms > JavaScript > React",
        },
        "id": "cd5528ad-935b-5a33-b25e-4f945638551b",
        "site": "docs",
        "text": "Mocked text",
        "title": "Mocked section",
        "url": "https://docs.sentry.io/platforms/javascript/react/",
      },
      Object {
        "context": Object {
          "context1": "Platforms > JavaScript > React",
        },
        "id": "cd5528ad-935b-5a33-b25e-4f945638551b",
        "site": "docs",
        "text": "Mocked text",
        "title": "Mocked section",
        "url": "https://docs.sentry.io/platforms/javascript/react/",
      },
    ],
    "name": "Documentation",
    "site": "docs",
  },
  Object {
    "hits": Array [
      Object {
        "context": Object {
          "context1": "Platforms > JavaScript > React",
        },
        "id": "cd5528ad-935b-5a33-b25e-4f945638551b",
        "site": "develop",
        "text": "Mocked text",
        "title": "Mocked section",
        "url": "https://develop.sentry.dev/platforms/javascript/react/",
      },
      Object {
        "context": Object {
          "context1": "Platforms > JavaScript > React",
        },
        "id": "cd5528ad-935b-5a33-b25e-4f945638551b",
        "site": "develop",
        "text": "Mocked text",
        "title": "Mocked section",
        "url": "https://develop.sentry.dev/platforms/javascript/react/",
      },
    ],
    "name": "Developer Documentation",
    "site": "develop",
  },
  Object {
    "hits": Array [
      Object {
        "context": Object {
          "context1": "Mocked hit",
        },
        "id": "cd5528ad-935b-5a33-b25e-4f945638551b",
        "site": "blog",
        "text": "Mocked text",
        "title": "Mocked section",
        "url": "https://blog.sentry.io/platforms/javascript/react/",
      },
      Object {
        "context": Object {
          "context1": "Mocked hit",
        },
        "id": "cd5528ad-935b-5a33-b25e-4f945638551b",
        "site": "blog",
        "text": "Mocked text",
        "title": "Mocked section",
        "url": "https://blog.sentry.io/platforms/javascript/react/#mocked-anchor",
      },
    ],
    "name": "Blog Posts",
    "site": "blog",
  },
  Object {
    "hits": Array [
      Object {
        "context": Object {},
        "id": "cd5528ad-935b-5a33-b25e-4f945638551b",
        "site": "blog",
        "text": "Mocked text",
        "title": "Mocked section",
        "url": "https://help.sentry.io/platforms/javascript/react/",
      },
      Object {
        "context": Object {},
        "id": "cd5528ad-935b-5a33-b25e-4f945638551b",
        "site": "blog",
        "text": "Mocked text",
        "title": "Mocked section",
        "url": "https://help.sentry.io/platforms/javascript/react/#mocked-anchor",
      },
    ],
    "name": "Help Center",
    "site": "help-center",
  },
]
`;

exports[`Search queries with path as priority 1`] = `
Array [
  Array [
    Array [
      Object {
        "indexName": "sentry-docs",
        "params": Object {
          "highlightPostTag": "</mark>",
          "highlightPreTag": "<mark>",
          "optionalFilters": Array [
            "legacy:0",
          ],
          "snippetEllipsisText": "…",
        },
        "query": "react",
      },
      Object {
        "indexName": "develop-docs",
        "params": Object {
          "highlightPostTag": "</mark>",
          "highlightPreTag": "<mark>",
          "optionalFilters": Array [
            "legacy:0",
          ],
          "snippetEllipsisText": "…",
        },
        "query": "react",
      },
      Object {
        "indexName": "sentry-blog-posts",
        "params": Object {
          "highlightPostTag": "</mark>",
          "highlightPreTag": "<mark>",
          "optionalFilters": Array [
            "legacy:0",
          ],
          "snippetEllipsisText": "…",
        },
        "query": "react",
      },
      Object {
        "indexName": "sentry-help",
        "params": Object {
          "highlightPostTag": "</mark>",
          "highlightPreTag": "<mark>",
          "optionalFilters": Array [
            "legacy:0",
          ],
          "snippetEllipsisText": "…",
        },
        "query": "react",
      },
    ],
  ],
]
`;

exports[`Search queries with platform priority 1`] = `
Array [
  Array [
    Array [
      Object {
        "indexName": "sentry-docs",
        "params": Object {
          "highlightPostTag": "</mark>",
          "highlightPreTag": "<mark>",
          "optionalFilters": Array [
            Array [
              "platforms:sentry.javascript.react",
            ],
            "legacy:0",
          ],
          "snippetEllipsisText": "…",
        },
        "query": "react",
      },
      Object {
        "indexName": "develop-docs",
        "params": Object {
          "highlightPostTag": "</mark>",
          "highlightPreTag": "<mark>",
          "optionalFilters": Array [
            Array [
              "platforms:sentry.javascript.react",
            ],
            "legacy:0",
          ],
          "snippetEllipsisText": "…",
        },
        "query": "react",
      },
      Object {
        "indexName": "sentry-blog-posts",
        "params": Object {
          "highlightPostTag": "</mark>",
          "highlightPreTag": "<mark>",
          "optionalFilters": Array [
            Array [
              "platforms:sentry.javascript.react",
            ],
            "legacy:0",
          ],
          "snippetEllipsisText": "…",
        },
        "query": "react",
      },
      Object {
        "indexName": "sentry-help",
        "params": Object {
          "highlightPostTag": "</mark>",
          "highlightPreTag": "<mark>",
          "optionalFilters": Array [
            Array [
              "platforms:sentry.javascript.react",
            ],
            "legacy:0",
          ],
          "snippetEllipsisText": "…",
        },
        "query": "react",
      },
    ],
  ],
]
`;

exports[`Search rejects unknown sites 1`] = `"SentryGlobalSearchError: unknown site \\"foobar\\" in config.include"`;

exports[`Search requires configuration 1`] = `"SentryGlobalSearchError: SentryGlobalSearch must be initialized with an array that includes one or more of: docs, develop, help-center, blog."`;

exports[`Search requires configuration as array 1`] = `"SentryGlobalSearchError: SentryGlobalSearch must be initialized with an array that includes one or more of: docs, develop, help-center, blog."`;
